  common.cpp
E:\OneDrive - National University of Singapore\NUS\Ay25-26semester2\CS4247\Assignments\Assignment04\assign4_todo_(win-vs2017)\common.cpp(18,5): warning C4996: 'vsprintf': This function or variable may be unsafe. Consider using vsprintf_s instead. To disable deprecation, use _CRT_SECURE_NO_WARNINGS. See online help for details.
E:\OneDrive - National University of Singapore\NUS\Ay25-26semester2\CS4247\Assignments\Assignment04\assign4_todo_(win-vs2017)\common.cpp(33,5): warning C4996: 'vsprintf': This function or variable may be unsafe. Consider using vsprintf_s instead. To disable deprecation, use _CRT_SECURE_NO_WARNINGS. See online help for details.
E:\OneDrive - National University of Singapore\NUS\Ay25-26semester2\CS4247\Assignments\Assignment04\assign4_todo_(win-vs2017)\common.cpp(48,5): warning C4996: '_ftime64': This function or variable may be unsafe. Consider using _ftime64_s instead. To disable deprecation, use _CRT_SECURE_NO_WARNINGS. See online help for details.
  quadmodel.cpp
E:\OneDrive - National University of Singapore\NUS\Ay25-26semester2\CS4247\Assignments\Assignment04\assign4_todo_(win-vs2017)\quadmodel.cpp(122,29): warning C4244: '=': conversion from 'double' to 'float', possible loss of data
E:\OneDrive - National University of Singapore\NUS\Ay25-26semester2\CS4247\Assignments\Assignment04\assign4_todo_(win-vs2017)\quadmodel.cpp(168,16): warning C4996: 'fopen': This function or variable may be unsafe. Consider using fopen_s instead. To disable deprecation, use _CRT_SECURE_NO_WARNINGS. See online help for details.
E:\OneDrive - National University of Singapore\NUS\Ay25-26semester2\CS4247\Assignments\Assignment04\assign4_todo_(win-vs2017)\quadmodel.cpp(180,9): warning C4996: 'sscanf': This function or variable may be unsafe. Consider using sscanf_s instead. To disable deprecation, use _CRT_SECURE_NO_WARNINGS. See online help for details.
E:\OneDrive - National University of Singapore\NUS\Ay25-26semester2\CS4247\Assignments\Assignment04\assign4_todo_(win-vs2017)\quadmodel.cpp(189,9): warning C4996: 'sscanf': This function or variable may be unsafe. Consider using sscanf_s instead. To disable deprecation, use _CRT_SECURE_NO_WARNINGS. See online help for details.
E:\OneDrive - National University of Singapore\NUS\Ay25-26semester2\CS4247\Assignments\Assignment04\assign4_todo_(win-vs2017)\quadmodel.cpp(202,9): warning C4996: 'sscanf': This function or variable may be unsafe. Consider using sscanf_s instead. To disable deprecation, use _CRT_SECURE_NO_WARNINGS. See online help for details.
E:\OneDrive - National University of Singapore\NUS\Ay25-26semester2\CS4247\Assignments\Assignment04\assign4_todo_(win-vs2017)\quadmodel.cpp(215,13): warning C4996: 'sscanf': This function or variable may be unsafe. Consider using sscanf_s instead. To disable deprecation, use _CRT_SECURE_NO_WARNINGS. See online help for details.
E:\OneDrive - National University of Singapore\NUS\Ay25-26semester2\CS4247\Assignments\Assignment04\assign4_todo_(win-vs2017)\quadmodel.cpp(234,9): warning C4996: 'sscanf': This function or variable may be unsafe. Consider using sscanf_s instead. To disable deprecation, use _CRT_SECURE_NO_WARNINGS. See online help for details.
E:\OneDrive - National University of Singapore\NUS\Ay25-26semester2\CS4247\Assignments\Assignment04\assign4_todo_(win-vs2017)\quadmodel.cpp(248,13): warning C4996: 'sscanf': This function or variable may be unsafe. Consider using sscanf_s instead. To disable deprecation, use _CRT_SECURE_NO_WARNINGS. See online help for details.
E:\OneDrive - National University of Singapore\NUS\Ay25-26semester2\CS4247\Assignments\Assignment04\assign4_todo_(win-vs2017)\quadmodel.cpp(258,13): warning C4996: 'sscanf': This function or variable may be unsafe. Consider using sscanf_s instead. To disable deprecation, use _CRT_SECURE_NO_WARNINGS. See online help for details.
E:\OneDrive - National University of Singapore\NUS\Ay25-26semester2\CS4247\Assignments\Assignment04\assign4_todo_(win-vs2017)\quadmodel.cpp(276,9): warning C4996: 'sscanf': This function or variable may be unsafe. Consider using sscanf_s instead. To disable deprecation, use _CRT_SECURE_NO_WARNINGS. See online help for details.
E:\OneDrive - National University of Singapore\NUS\Ay25-26semester2\CS4247\Assignments\Assignment04\assign4_todo_(win-vs2017)\quadmodel.cpp(292,13): warning C4996: 'sscanf': This function or variable may be unsafe. Consider using sscanf_s instead. To disable deprecation, use _CRT_SECURE_NO_WARNINGS. See online help for details.
E:\OneDrive - National University of Singapore\NUS\Ay25-26semester2\CS4247\Assignments\Assignment04\assign4_todo_(win-vs2017)\quadmodel.cpp(302,13): warning C4996: 'sscanf': This function or variable may be unsafe. Consider using sscanf_s instead. To disable deprecation, use _CRT_SECURE_NO_WARNINGS. See online help for details.
E:\OneDrive - National University of Singapore\NUS\Ay25-26semester2\CS4247\Assignments\Assignment04\assign4_todo_(win-vs2017)\quadmodel.cpp(316,17): warning C4996: 'sscanf': This function or variable may be unsafe. Consider using sscanf_s instead. To disable deprecation, use _CRT_SECURE_NO_WARNINGS. See online help for details.
E:\OneDrive - National University of Singapore\NUS\Ay25-26semester2\CS4247\Assignments\Assignment04\assign4_todo_(win-vs2017)\quadmodel.cpp(627,16): warning C4996: 'fopen': This function or variable may be unsafe. Consider using fopen_s instead. To disable deprecation, use _CRT_SECURE_NO_WARNINGS. See online help for details.
  radiositysolver.cpp
E:\OneDrive - National University of Singapore\NUS\Ay25-26semester2\CS4247\Assignments\Assignment04\assign4_todo_(win-vs2017)\radiositysolver.cpp(399,5): warning C4996: 'scanf': This function or variable may be unsafe. Consider using scanf_s instead. To disable deprecation, use _CRT_SECURE_NO_WARNINGS. See online help for details.
E:\OneDrive - National University of Singapore\NUS\Ay25-26semester2\CS4247\Assignments\Assignment04\assign4_todo_(win-vs2017)\radiositysolver.cpp(520,5): warning C4996: 'scanf': This function or variable may be unsafe. Consider using scanf_s instead. To disable deprecation, use _CRT_SECURE_NO_WARNINGS. See online help for details.
  Generating Code...
LINK : warning LNK4075: ignoring '/INCREMENTAL' due to '/OPT:ICF' specification
  RadiositySolver.vcxproj -> E:\OneDrive - National University of Singapore\NUS\Ay25-26semester2\CS4247\Assignments\Assignment04\assign4_todo_(win-vs2017)\Release\RadiositySolver.exe
